Using device: cpu
Using p0 = 1.0
MultiLayerPINN(
  (layer): LayerNet(
    (net): Sequential(
      (0): Linear(in_features=21, out_features=64, bias=True)
      (1): Tanh()
      (2): Linear(in_features=64, out_features=64, bias=True)
      (3): Tanh()
      (4): Linear(in_features=64, out_features=64, bias=True)
      (5): Tanh()
      (6): Linear(in_features=64, out_features=64, bias=True)
      (7): Tanh()
      (8): Linear(in_features=64, out_features=3, bias=True)
    )
  )
)
Loading FEM solution for comparison...
FEM solution not found. Training without FEM comparison.
Loading hybrid supervision data (N=36000, E=[1.0, 10.0])...
  FEM supervision uses three-layer solver across E1/E2/E3 and t1/t2/t3 grids.
  Generating FEM supervision for E1=1.0, E2=1.0, E3=1.0, t1=0.02, t2=0.02, t3=0.02...
Initializing Three-Layer FEA Solver...
Assembling...
Solving...
  Generating FEM supervision for E1=1.0, E2=1.0, E3=10.0, t1=0.02, t2=0.02, t3=0.02...
Initializing Three-Layer FEA Solver...
Assembling...
Solving...
  Generating FEM supervision for E1=1.0, E2=10.0, E3=1.0, t1=0.02, t2=0.02, t3=0.02...
Initializing Three-Layer FEA Solver...
Assembling...
Solving...
  Generating FEM supervision for E1=1.0, E2=10.0, E3=10.0, t1=0.02, t2=0.02, t3=0.02...
Initializing Three-Layer FEA Solver...
Assembling...
Solving...
  Generating FEM supervision for E1=10.0, E2=1.0, E3=1.0, t1=0.02, t2=0.02, t3=0.02...
Initializing Three-Layer FEA Solver...
Assembling...
Solving...
  Generating FEM supervision for E1=10.0, E2=1.0, E3=10.0, t1=0.02, t2=0.02, t3=0.02...
Initializing Three-Layer FEA Solver...
Assembling...
Solving...
  Generating FEM supervision for E1=10.0, E2=10.0, E3=1.0, t1=0.02, t2=0.02, t3=0.02...
Initializing Three-Layer FEA Solver...
Assembling...
Solving...
  Generating FEM supervision for E1=10.0, E2=10.0, E3=10.0, t1=0.02, t2=0.02, t3=0.02...
Initializing Three-Layer FEA Solver...
Assembling...
Solving...
  Generating FEM supervision for E1=1.0, E2=1.0, E3=1.0, t1=0.02, t2=0.02, t3=0.1...
Initializing Three-Layer FEA Solver...
Assembling...
Solving...
  Generating FEM supervision for E1=1.0, E2=1.0, E3=10.0, t1=0.02, t2=0.02, t3=0.1...
Initializing Three-Layer FEA Solver...
Assembling...
Solving...
  Generating FEM supervision for E1=1.0, E2=10.0, E3=1.0, t1=0.02, t2=0.02, t3=0.1...
Initializing Three-Layer FEA Solver...
Assembling...
Solving...
  Generating FEM supervision for E1=1.0, E2=10.0, E3=10.0, t1=0.02, t2=0.02, t3=0.1...
Initializing Three-Layer FEA Solver...
Assembling...
Solving...
  Generating FEM supervision for E1=10.0, E2=1.0, E3=1.0, t1=0.02, t2=0.02, t3=0.1...
Initializing Three-Layer FEA Solver...
Assembling...
Solving...
  Generating FEM supervision for E1=10.0, E2=1.0, E3=10.0, t1=0.02, t2=0.02, t3=0.1...
Initializing Three-Layer FEA Solver...
Assembling...
Solving...
  Generating FEM supervision for E1=10.0, E2=10.0, E3=1.0, t1=0.02, t2=0.02, t3=0.1...
Initializing Three-Layer FEA Solver...
Assembling...
Solving...
  Generating FEM supervision for E1=10.0, E2=10.0, E3=10.0, t1=0.02, t2=0.02, t3=0.1...
Initializing Three-Layer FEA Solver...
Assembling...
Solving...
  Generating FEM supervision for E1=1.0, E2=1.0, E3=1.0, t1=0.02, t2=0.1, t3=0.02...
Initializing Three-Layer FEA Solver...
Assembling...
Solving...
  Generating FEM supervision for E1=1.0, E2=1.0, E3=10.0, t1=0.02, t2=0.1, t3=0.02...
Initializing Three-Layer FEA Solver...
Assembling...
Solving...
  Generating FEM supervision for E1=1.0, E2=10.0, E3=1.0, t1=0.02, t2=0.1, t3=0.02...
Initializing Three-Layer FEA Solver...
Assembling...
Solving...
  Generating FEM supervision for E1=1.0, E2=10.0, E3=10.0, t1=0.02, t2=0.1, t3=0.02...
Initializing Three-Layer FEA Solver...
Assembling...
Solving...
  Generating FEM supervision for E1=10.0, E2=1.0, E3=1.0, t1=0.02, t2=0.1, t3=0.02...
Initializing Three-Layer FEA Solver...
Assembling...
Solving...
  Generating FEM supervision for E1=10.0, E2=1.0, E3=10.0, t1=0.02, t2=0.1, t3=0.02...
Initializing Three-Layer FEA Solver...
Assembling...
Solving...
  Generating FEM supervision for E1=10.0, E2=10.0, E3=1.0, t1=0.02, t2=0.1, t3=0.02...
Initializing Three-Layer FEA Solver...
Assembling...
Solving...
  Generating FEM supervision for E1=10.0, E2=10.0, E3=10.0, t1=0.02, t2=0.1, t3=0.02...
Initializing Three-Layer FEA Solver...
Assembling...
Solving...
  Generating FEM supervision for E1=1.0, E2=1.0, E3=1.0, t1=0.02, t2=0.1, t3=0.1...
Initializing Three-Layer FEA Solver...
Assembling...
Solving...
  Generating FEM supervision for E1=1.0, E2=1.0, E3=10.0, t1=0.02, t2=0.1, t3=0.1...
Initializing Three-Layer FEA Solver...
Assembling...
Solving...
  Generating FEM supervision for E1=1.0, E2=10.0, E3=1.0, t1=0.02, t2=0.1, t3=0.1...
Initializing Three-Layer FEA Solver...
Assembling...
Solving...
  Generating FEM supervision for E1=1.0, E2=10.0, E3=10.0, t1=0.02, t2=0.1, t3=0.1...
Initializing Three-Layer FEA Solver...
Assembling...
Solving...
  Generating FEM supervision for E1=10.0, E2=1.0, E3=1.0, t1=0.02, t2=0.1, t3=0.1...
Initializing Three-Layer FEA Solver...
Assembling...
Solving...
  Generating FEM supervision for E1=10.0, E2=1.0, E3=10.0, t1=0.02, t2=0.1, t3=0.1...
Initializing Three-Layer FEA Solver...
Assembling...
Solving...
  Generating FEM supervision for E1=10.0, E2=10.0, E3=1.0, t1=0.02, t2=0.1, t3=0.1...
Initializing Three-Layer FEA Solver...
Assembling...
Solving...
  Generating FEM supervision for E1=10.0, E2=10.0, E3=10.0, t1=0.02, t2=0.1, t3=0.1...
Initializing Three-Layer FEA Solver...
Assembling...
Solving...
  Generating FEM supervision for E1=1.0, E2=1.0, E3=1.0, t1=0.1, t2=0.02, t3=0.02...
Initializing Three-Layer FEA Solver...
Assembling...
Solving...
  Generating FEM supervision for E1=1.0, E2=1.0, E3=10.0, t1=0.1, t2=0.02, t3=0.02...
Initializing Three-Layer FEA Solver...
Assembling...
Solving...
  Generating FEM supervision for E1=1.0, E2=10.0, E3=1.0, t1=0.1, t2=0.02, t3=0.02...
Initializing Three-Layer FEA Solver...
Assembling...
Solving...
  Generating FEM supervision for E1=1.0, E2=10.0, E3=10.0, t1=0.1, t2=0.02, t3=0.02...
Initializing Three-Layer FEA Solver...
Assembling...
Solving...
  Generating FEM supervision for E1=10.0, E2=1.0, E3=1.0, t1=0.1, t2=0.02, t3=0.02...
Initializing Three-Layer FEA Solver...
Assembling...
Solving...
  Generating FEM supervision for E1=10.0, E2=1.0, E3=10.0, t1=0.1, t2=0.02, t3=0.02...
Initializing Three-Layer FEA Solver...
Assembling...
Solving...
  Generating FEM supervision for E1=10.0, E2=10.0, E3=1.0, t1=0.1, t2=0.02, t3=0.02...
Initializing Three-Layer FEA Solver...
Assembling...
Solving...
  Generating FEM supervision for E1=10.0, E2=10.0, E3=10.0, t1=0.1, t2=0.02, t3=0.02...
Initializing Three-Layer FEA Solver...
Assembling...
Solving...
  Generating FEM supervision for E1=1.0, E2=1.0, E3=1.0, t1=0.1, t2=0.02, t3=0.1...
Initializing Three-Layer FEA Solver...
Assembling...
Solving...
  Generating FEM supervision for E1=1.0, E2=1.0, E3=10.0, t1=0.1, t2=0.02, t3=0.1...
Initializing Three-Layer FEA Solver...
Assembling...
Solving...
  Generating FEM supervision for E1=1.0, E2=10.0, E3=1.0, t1=0.1, t2=0.02, t3=0.1...
Initializing Three-Layer FEA Solver...
Assembling...
Solving...
  Generating FEM supervision for E1=1.0, E2=10.0, E3=10.0, t1=0.1, t2=0.02, t3=0.1...
Initializing Three-Layer FEA Solver...
Assembling...
Solving...
  Generating FEM supervision for E1=10.0, E2=1.0, E3=1.0, t1=0.1, t2=0.02, t3=0.1...
Initializing Three-Layer FEA Solver...
Assembling...
Solving...
  Generating FEM supervision for E1=10.0, E2=1.0, E3=10.0, t1=0.1, t2=0.02, t3=0.1...
Initializing Three-Layer FEA Solver...
Assembling...
Solving...
  Generating FEM supervision for E1=10.0, E2=10.0, E3=1.0, t1=0.1, t2=0.02, t3=0.1...
Initializing Three-Layer FEA Solver...
Assembling...
Solving...
  Generating FEM supervision for E1=10.0, E2=10.0, E3=10.0, t1=0.1, t2=0.02, t3=0.1...
Initializing Three-Layer FEA Solver...
Assembling...
Solving...
  Generating FEM supervision for E1=1.0, E2=1.0, E3=1.0, t1=0.1, t2=0.1, t3=0.02...
Initializing Three-Layer FEA Solver...
Assembling...
Solving...
  Generating FEM supervision for E1=1.0, E2=1.0, E3=10.0, t1=0.1, t2=0.1, t3=0.02...
Initializing Three-Layer FEA Solver...
Assembling...
Solving...
  Generating FEM supervision for E1=1.0, E2=10.0, E3=1.0, t1=0.1, t2=0.1, t3=0.02...
Initializing Three-Layer FEA Solver...
Assembling...
Solving...
  Generating FEM supervision for E1=1.0, E2=10.0, E3=10.0, t1=0.1, t2=0.1, t3=0.02...
Initializing Three-Layer FEA Solver...
Assembling...
Solving...
  Generating FEM supervision for E1=10.0, E2=1.0, E3=1.0, t1=0.1, t2=0.1, t3=0.02...
Initializing Three-Layer FEA Solver...
Assembling...
Solving...
  Generating FEM supervision for E1=10.0, E2=1.0, E3=10.0, t1=0.1, t2=0.1, t3=0.02...
Initializing Three-Layer FEA Solver...
Assembling...
Solving...
  Generating FEM supervision for E1=10.0, E2=10.0, E3=1.0, t1=0.1, t2=0.1, t3=0.02...
Initializing Three-Layer FEA Solver...
Assembling...
Solving...
  Generating FEM supervision for E1=10.0, E2=10.0, E3=10.0, t1=0.1, t2=0.1, t3=0.02...
Initializing Three-Layer FEA Solver...
Assembling...
Solving...
  Generating FEM supervision for E1=1.0, E2=1.0, E3=1.0, t1=0.1, t2=0.1, t3=0.1...
Initializing Three-Layer FEA Solver...
Assembling...
Solving...
  Generating FEM supervision for E1=1.0, E2=1.0, E3=10.0, t1=0.1, t2=0.1, t3=0.1...
Initializing Three-Layer FEA Solver...
Assembling...
Solving...
  Generating FEM supervision for E1=1.0, E2=10.0, E3=1.0, t1=0.1, t2=0.1, t3=0.1...
Initializing Three-Layer FEA Solver...
Assembling...
Solving...
  Generating FEM supervision for E1=1.0, E2=10.0, E3=10.0, t1=0.1, t2=0.1, t3=0.1...
Initializing Three-Layer FEA Solver...
Assembling...
Solving...
  Generating FEM supervision for E1=10.0, E2=1.0, E3=1.0, t1=0.1, t2=0.1, t3=0.1...
Initializing Three-Layer FEA Solver...
Assembling...
Solving...
  Generating FEM supervision for E1=10.0, E2=1.0, E3=10.0, t1=0.1, t2=0.1, t3=0.1...
Initializing Three-Layer FEA Solver...
Assembling...
Solving...
  Generating FEM supervision for E1=10.0, E2=10.0, E3=1.0, t1=0.1, t2=0.1, t3=0.1...
Initializing Three-Layer FEA Solver...
Assembling...
Solving...
  Generating FEM supervision for E1=10.0, E2=10.0, E3=10.0, t1=0.1, t2=0.1, t3=0.1...
Initializing Three-Layer FEA Solver...
Assembling...
Solving...
  Saved FEM supervision cache: /Users/jade/PiNNs/Optimizing_Parameterized_Physics-Informed_Neural_Networks_to_Efficiently_Solve_Multilayer_Collision/three-layer-workflow/supervision_cache/fem_supervision_34741efd821c827a.pt
  Loaded 36000 sparse FEM supervision points
Attached 36000 supervision points to training data.
Starting SOAP Pretraining...
Epoch 0: Total Loss: 59214.054688 | PDE: 1889.335205 | BC_sides: 0.000843 | Free_top: 6.152472 | Free_bot: 9.375503 | Load: 5.725668 | Energy: 0.348590 | ImpactC: 0.000000 | FricC: 0.000000 | FricS: 0.000000 | Interface: 7.332254 | ImpactInv: 0.000000 | LR: 1.00e-03 | Time: 5.1964s
Epoch 100: Total Loss: 306.044830 | PDE: 1.756036 | BC_sides: 0.000248 | Free_top: 0.053863 | Free_bot: 0.037667 | Load: 0.217798 | Energy: 0.002506 | ImpactC: 0.000000 | FricC: 0.000000 | FricS: 0.000000 | Interface: 0.020214 | ImpactInv: 0.000000 | LR: 3.00e-04 | Time: 290.3952s
Traceback (most recent call last):
  File "/Users/jade/PiNNs/Optimizing_Parameterized_Physics-Informed_Neural_Networks_to_Efficiently_Solve_Multilayer_Collision/three-layer-workflow/train.py", line 413, in <module>
    train()
  File "/Users/jade/PiNNs/Optimizing_Parameterized_Physics-Informed_Neural_Networks_to_Efficiently_Solve_Multilayer_Collision/three-layer-workflow/train.py", line 233, in train
    loss_val, losses = physics.compute_loss(pinn, training_data, device, weights=weights)
  File "/Users/jade/PiNNs/Optimizing_Parameterized_Physics-Informed_Neural_Networks_to_Efficiently_Solve_Multilayer_Collision/three-layer-workflow/physics.py", line 169, in compute_loss
    grad_u = gradient(u, x_int)
  File "/Users/jade/PiNNs/Optimizing_Parameterized_Physics-Informed_Neural_Networks_to_Efficiently_Solve_Multilayer_Collision/three-layer-workflow/physics.py", line 80, in gradient
    grad_i = autograd.grad(
  File "/Users/jade/Library/Python/3.9/lib/python/site-packages/torch/autograd/__init__.py", line 503, in grad
    result = _engine_run_backward(
  File "/Users/jade/Library/Python/3.9/lib/python/site-packages/torch/autograd/graph.py", line 829, in _engine_run_backward
    return Variable._execution_engine.run_backward(  # Calls into the C++ engine to run the backward pass
KeyboardInterrupt
